profile                  = performance    (picked via the commandline)
autotune_search          = true           (profile 'performance' via the commandline)
autotune_rounds          = 3              (commandline)
autotune_beam_width      = 4              (profile 'performance' via the commandline)
model_default_schedule   = true           (profile 'performance' via the commandline)
tune_inline_flips        = 0              (default)
cc_backend_arch_flags    = auto           (profile 'performance' via the commandline)
cc_backend_simd_flags    = auto           (profile 'performance' via the commandline)
cc_backend_fp_contract   = auto           (default)
cc_backend_fast_math     = false          (default)
cc_vector_bytes          = 64             (config file)
fp16_arithmetic          = true           (profile 'performance' via the commandline)
tf32_matmuls             = false          (default)
virtualize_max_visits    = 1              (default)
