Retrieving commandline, environment, or config file variable ocannl_log_level
Found 0, in the config file
bigrams: 228146
input_size: 229000
Epoch 0, batch 0, loss=3.384
Epoch 0, batch 100, loss=2.709
Epoch 0, batch 200, loss=2.946
Epoch 0, epoch loss=680.2
Epoch 1, batch 0, loss=2.789
Epoch 1, batch 100, loss=2.426
Epoch 1, batch 200, loss=2.815
Epoch 1, epoch loss=616.8
Epoch 2, batch 0, loss=2.65
Epoch 2, batch 100, loss=2.358
Epoch 2, batch 200, loss=2.755
Epoch 2, epoch loss=597.5
Epoch 3, batch 0, loss=2.589
Epoch 3, batch 100, loss=2.33
Epoch 3, batch 200, loss=2.722
Epoch 3, epoch loss=588.3
Epoch 4, batch 0, loss=2.555
Epoch 4, batch 100, loss=2.314
Epoch 4, batch 200, loss=2.7
Epoch 4, epoch loss=582.8
Epoch 5, batch 0, loss=2.533
Epoch 5, batch 100, loss=2.303
Epoch 5, batch 200, loss=2.685
Epoch 5, epoch loss=579.1
Epoch 6, batch 0, loss=2.518
Epoch 6, batch 100, loss=2.296
Epoch 6, batch 200, loss=2.674
Epoch 6, epoch loss=576.4
Epoch 7, batch 0, loss=2.507
Epoch 7, batch 100, loss=2.291
Epoch 7, batch 200, loss=2.666
Epoch 7, epoch loss=574.5
Epoch 8, batch 0, loss=2.498
Epoch 8, batch 100, loss=2.287
Epoch 8, batch 200, loss=2.659
Epoch 8, epoch loss=572.9
Epoch 9, batch 0, loss=2.492
Epoch 9, batch 100, loss=2.284
Epoch 9, batch 200, loss=2.654
Epoch 9, epoch loss=571.7
Epoch 10, batch 0, loss=2.486
Epoch 10, batch 100, loss=2.282
Epoch 10, batch 200, loss=2.649
Epoch 10, epoch loss=570.7
vax
ah
pterofaers
rmanad
tonioreliliewwfctpdeee
tole
bkaynel
n
ahi
oni
admile
a
krn
c
r
labik
a
calopconaiajary
jthqamahie
hler
