Retrieving commandline, environment, or config file variable ocannl_log_level
Found 0, in the config file
bigrams: 228146
input_size: 229000
Epoch 0, batch 0, loss=3.3842
Epoch 0, batch 100, loss=2.709
Epoch 0, batch 200, loss=2.9458
Epoch 0, epoch loss=680.2
Epoch 1, batch 0, loss=2.7887
Epoch 1, batch 100, loss=2.4257
Epoch 1, batch 200, loss=2.8147
Epoch 1, epoch loss=616.82
Epoch 2, batch 0, loss=2.6495
Epoch 2, batch 100, loss=2.3584
Epoch 2, batch 200, loss=2.7553
Epoch 2, epoch loss=597.55
Epoch 3, batch 0, loss=2.5888
Epoch 3, batch 100, loss=2.3297
Epoch 3, batch 200, loss=2.7217
Epoch 3, epoch loss=588.28
Epoch 4, batch 0, loss=2.5546
Epoch 4, batch 100, loss=2.3137
Epoch 4, batch 200, loss=2.7002
Epoch 4, epoch loss=582.76
Epoch 5, batch 0, loss=2.5326
Epoch 5, batch 100, loss=2.3034
Epoch 5, batch 200, loss=2.6853
Epoch 5, epoch loss=579.08
Epoch 6, batch 0, loss=2.5175
Epoch 6, batch 100, loss=2.2962
Epoch 6, batch 200, loss=2.6744
Epoch 6, epoch loss=576.44
Epoch 7, batch 0, loss=2.5065
Epoch 7, batch 100, loss=2.291
Epoch 7, batch 200, loss=2.666
Epoch 7, epoch loss=574.47
Epoch 8, batch 0, loss=2.4982
Epoch 8, batch 100, loss=2.2871
Epoch 8, batch 200, loss=2.6593
Epoch 8, epoch loss=572.93
Epoch 9, batch 0, loss=2.4916
Epoch 9, batch 100, loss=2.2841
Epoch 9, batch 200, loss=2.6539
Epoch 9, epoch loss=571.71
Epoch 10, batch 0, loss=2.4864
Epoch 10, batch 100, loss=2.2818
Epoch 10, batch 200, loss=2.6494
Epoch 10, epoch loss=570.71
vax
ah
pterofaers
rmanad
tonioreliliewwfctpdeee
tole
bkaynel
n
ahi
oni
admile
a
krn
c
r
labik
a
calopconaiajary
jthqamahie
hler
