Retrieving commandline, environment, or config file variable ocannl_log_level
Found 0, in the config file
Generating 160 circle counting images (3 classes)...
Dataset generated: images shape [160; 16; 16; 1], labels shape [160; 1]
Using MLP model (fallback)...

Starting training for 10 epochs (200 steps)...
Epoch 1: avg loss = 1.1309
Epoch 2: avg loss = 1.1141
Epoch 3: avg loss = 1.0922
Epoch 4: avg loss = 1.0955
Epoch 5: avg loss = 1.0870
Epoch 6: avg loss = 1.0786
Epoch 7: avg loss = 1.0593
Epoch 8: avg loss = 1.0483
Epoch 9: avg loss = 1.0232
Epoch 10: avg loss = 1.0141

Training complete!
