Names loaded: 32033
train/dev/test examples (after batch truncation): 182000/22000/22000
Epoch 0, mean train loss below 5: true
Epoch 1, mean train loss below 3: true
Epoch 2, mean train loss below 3: true
Epoch 3, mean train loss below 3: true
Epoch 4, mean train loss below 3: true
Last 10 logged epochs mean train loss below 2.8: true
Final train loss below 2.8: true
Final dev   loss below 2.8: true
Final test  loss below 2.8: true
every epoch and evaluation mean is a finite, nonnegative cross-entropy: true
Generated 3 names, all chars in alphabet: true
Start-context most likely character is a: true
Leading start-context probability has a margin above 0.03: true
Start-context top-3 probabilities lie in their coarse bands (0.10-0.45, 0.04-0.30, 0.02-0.20): true
Inference probabilities depend on the supplied context: true
