Retrieving commandline, environment, or config file variable ocannl_log_level
Found 0, in the config file

Half-moons scatterplot and decision boundary:
┌────────────────────────────────────────────────────────────────────────────────────────────────────┐
│****************************************#****************************************...................│
│********************************##*#*******#*************************************...................│
│*******************#******#*#**#**##**##*#**#***#********************************...................│
│***************#********#***#**#**#**#*#*##**##**##*****************************....................│
│*************#****#*###**#*##*#*##***##*#######******#**************************....................│
│*****************#*#****#***#***#*#*#*********#*##*##***************************....................│
│************#***##*###***#*#********#**#***##*#***##***#***********************.....................│
│**********#***#****#####*#***###******#*#*#***#***#***#*##**#******************.....................│
│***********####*#***#****#*#*****##****#**********##***************************.....................│
│*********#****#***#**##*#*#*#*******#**##*#*##*##*#*#**#**##******************......................│
│**********#**#*###**#***********.....******#***#***#**#*##***#****************......................│
│***#**#****###*##*#*##********....%...*********##*##**#*#*#*******************......................│
│***#**#**#*#***###**#*#******....%.....*%********#***#****#****#**************......................│
│********#**###***#***********............*******#***#*#**#***###*************...........%.%....%....│
│**#********####*#**#********..%......%.%..**********#**##***##***#***********.....................%.│
│****##*****##****#*********...%......%.....***********#**#*#*#*##*#**********...................%...│
│***#*#**#***#*#************....%.%.....%.....********#*##*#*#****#**********.................%.%.%..│
│*#*#**#**#*#***#**********.....%.%.%%.%.......**********###*****#*###*******............%.%..%...%.%│
│****##**##****************..............%......**********###*##**#*#********.............%%%..%.%%..│
│***#***##*##*************....%.%%.%%%.%..........********#*#*####*#*#******.............%%%%.%..%...│
│#*#*#*#**#*#*************....%....%.%.%%%.........********#****************.............%....%.%.%..│
│##*##***#**#************.....%...%%.%%..%..%........**********#***#*#******......................%%.│
│*#**#******#***********..........%..%...%%...........*******##***#*###*****..........%.%%.%..%......│
│#***#*##**#************..........%...%...%............***********#**#*****............%.%%.%%%..%%%.│
│*#*##***##************...........%.%%%.%................****###**#*##*****.............%.%%.........│
│******#*#*************............%%.%.%%%%..............***********#*****.......%.%..%%..%..%......│
│*****#****#**********.................%.%.%...............****#****#*****.........%.%..%..%.%..%%%..│
│*****##**************...........%...%...%%.%%..%............*******#****........%....%%%.%%..%......│
│********************..............%..%.%%.%%.%..%%.%%.........**#*##**............%%%%.........%....│
│*******************................%%..%...%..%%%%...............***........%%%.....%.%..%.%........│
│*******************...................%..%.%..%..%....................%..%..%%%%.%.%%%%%...%%.......│
│*****************...................%%...%%%.%%%%.%.%.%%.....%...........%.%%%%%.%....%.%...........│
│****************........................%..%.......%.%%%....%%.%..%%%.%%..%.%.%.%..%................│
│**************..........................%...%%..%....%..%%.%%.%.%....%....%%%..%.%%..%.%............│
│************...............................%%....%..%.%%%..%%%....%%.%...%%...%%...%%...%%..........│
│**********...................................%.%..%..%%%%%.%....%%...%%.%..%..%....%................│
│*******....................................%............%..%%.....%%..%.%.%....%....................│
│*****..............................................%...%.%..%.%.......%%...%........................│
│**......................................................%%%.....%.%..%..%.....%..%..................│
│......................................................%....%%%%.%.%.%....%..........................│
└────────────────────────────────────────────────────────────────────────────────────────────────────┘
Batch Log-loss:
┌─────────┬────────────────────────────────────────────────────────────────────────────────────────────────────┐
│ 3.78    │-                                                                                                   │
│         │                                                                                                    │
│         │                                                                                                    │
│         │-                                                                                                   │
│         │                                                                                                    │
│         │                       -                                                                            │
│         │       --       - - ---  -- -                                                                       │
│         │ --- --   ---- - -         -  ---- --                                                               │
│         │ --   - -  --  -     -               -- -- -                                                        │
│         │--------- ---- ---- ---- ---- --    -     -   - -   -                                               │
│         │-   ----  --- -      - - ---- ----           - -       -                                            │
│         │-- -     -     --- ----    - - --  -              -- -                                    -         │
│         │ - -----                  -   - --   -                  - - --                    -     -           │
│b        │-     --    -           --         -- -  -               -       - -                       -        │
│a        │   -     ---  ----    -          -      - -                   --  -   -                             │
│t        │ -  -   -          -   -  -    -         -                          -  --- -     - -   -    -   -   │
│c        │     - --  -    - - -  -  ----    -  - --  - ---- --                        --- -    --  -   - - -- │
│h        │       - - --    - - -  -   - --   -- --- -- -     -  -   ---     -                                 │
│         │            - -   --   -   - -  -- -  - -  ---  - - ---   -    --                - -    -           │
│l        │       - -  - ---   -----    - -----    - --   -  -     --  ---  - - --          -      - - ---     │
│o        │             - --- -   - -- -   -- - -  -  - - --- -- --    -    -- -  -----  --     - - -    --    │
│g        │      -    - -- -     ---  -- -    --  -       ---  -- -  ---  --    ---  ---- --  ---- - -  -  - --│
│         │    - - -            ----- ---   -  - -  --     --- --    -   -    -       -- --  - -   -   -    -  │
│l        │       ---       -   -   - -   -  - -- -      -   -  -           -       -      ---     - -- - -    │
│o        │      -    -       -  -     -   - -  -    - - -          --    -   -                     -   ----   │
│s        │            - -      -     -    - - - --   -         -  -  --                           -         - │
│s        │        -          --  -             -            -        -     --                  -   -          │
│         │                            -              -      -   -                          -     -           -│
│         │                                 -      -                                                           │
│         │                        -     -  --                 - -                   -           -            -│
│         │                     -               -                                                              │
│         │                     -    -                              -   -                                      │
│         │                                                                                                    │
│         │                                                                -          -                        │
│         │                        -                   -                                                       │
│         │                                                                       -                            │
│         │                                                                                                -   │
│         │             -                                                                                      │
│         │                                                                                                    │
│ -1.04e+1│----------------------------------------------------------------------------------------------------│
├─────────┼────────────────────────────────────────────────────────────────────────────────────────────────────┤
│         │0.00                                                                                         1.59e+3│
│         │                                                step                                                │
└─────────┴────────────────────────────────────────────────────────────────────────────────────────────────────┘
Epoch Log-loss:
┌──────┬────────────────────────────────────────────────────────────────────────────────────────────────────┐
│ 4.39 │-                                                                                                   │
│      │                                                                                                    │
│      │                                                                                                    │
│      │                                                                                                    │
│      │                                                                                                    │
│      │                                                                                                    │
│      │                                                                                                    │
│      │                                                                                                    │
│      │                                                                                                    │
│      │  -                                                                                                 │
│      │ - - -                                                                                              │
│      │                       -                                                                            │
│      │      --- ---- ---- ---  -                                                                          │
│e     │                          --- -                                                                     │
│p     │                               -                                                                    │
│o     │                                -                                                                   │
│c     │                                 - -                                                                │
│h     │                                    -                                                               │
│      │                                                                                                    │
│l     │                                         -                                                          │
│o     │                                     -- -                                                           │
│g     │                                                                                                    │
│      │                                          --                                                        │
│l     │                                             -- -   -                                               │
│o     │                                               -                                                    │
│s     │                                                       -                                            │
│s     │                                                  --                                                │
│      │                                                     -                                    -         │
│      │                                                                                        -           │
│      │                                                          - -                                       │
│      │                                                        --   -                    -                 │
│      │                                                                 -                                  │
│      │                                                                  -              -                  │
│      │                                                              --                           -        │
│      │                                                                   -  -                -            │
│      │                                                                    -  -                    -       │
│      │                                                                        -- -       -                │
│      │                                                                             --       -      -  -   │
│      │                                                                            -   -    -         - -  │
│ -1.77│                                                                                                  - │
├──────┼────────────────────────────────────────────────────────────────────────────────────────────────────┤
│      │0.00                                                                                         7.90e+1│
│      │                                                step                                                │
└──────┴────────────────────────────────────────────────────────────────────────────────────────────────────┘