Retrieving commandline, environment, or config file variable ocannl_log_level
Found 0, in the config file
Epoch=1, step=0, batch=0, lr=0.200000, loss=18.674, epoch loss=18.674
Epoch=1, step=1, batch=1, lr=0.199984, loss=1.7278, epoch loss=20.401
Epoch=1, step=2, batch=2, lr=0.199969, loss=5.7055, epoch loss=26.107
Epoch=1, step=3, batch=3, lr=0.199953, loss=1.646, epoch loss=27.753
Epoch=1, step=4, batch=4, lr=0.199938, loss=0.83217, epoch loss=28.585
Epoch=1, step=5, batch=5, lr=0.199922, loss=0.31165, epoch loss=28.897
Epoch=1, step=6, batch=6, lr=0.199906, loss=0.78154, epoch loss=29.678
Epoch=1, step=7, batch=7, lr=0.199891, loss=1.4389, epoch loss=31.117
Epoch=1, step=8, batch=8, lr=0.199875, loss=0.91047, epoch loss=32.028
Epoch=1, step=9, batch=9, lr=0.199859, loss=0.43296, epoch loss=32.46
...............................................................
Half-moons scatterplot and decision boundary:
┌─────────────────────────┐
│*********#***************│
│*****########***********.│
│**##############******...│
│*#######%%######*****%.%.│
│#####*.%%%.**####****%%%.│
│####*..%%%%.*####***%%%%.│
│###*...%%%%%..###**.%%%%%│
│**#.....%%%%%%#.#*%%%%%%.│
│**.......%%%%%%%%%%%%%%..│
│**........%%%%%%%%%%.....│
└─────────────────────────┘
Loss:
┌────────┬────────────────────────────────────────────────────────────────────────────────────────────────────┐
│ 1.86e+1│-                                                                                                   │
│        │                                                                                                    │
│        │                                                                                                    │
│        │                                                                                                    │
│        │                                                                                                    │
│        │                                                                                                    │
│        │                                                                                                    │
│        │                                                                                                    │
│        │                                                                                                    │
│        │                                                                                                    │
│        │                                                                                                    │
│        │                                                                                                    │
│        │                                                                                                    │
│        │                                                                                                    │
│        │                                                                                                    │
│        │                                                                                                    │
│        │                                                                                                    │
│        │                                                                                                    │
│l       │                                                                                                    │
│o       │                                                                                                    │
│s       │                                                                                                    │
│s       │                                                                                                    │
│        │                                                                                                    │
│        │                                                                                                    │
│        │                                                                                                    │
│        │                                                                                                    │
│        │                                                                                                    │
│        │ -                                                                                                  │
│        │-                                                                                                   │
│        │                                                                                                    │
│        │                                                                                                    │
│        │  --                                                                                                │
│        │                                                                                                    │
│        │     -     -                                                                                        │
│        │ -                                                                                                  │
│        │      --- -  - -         -                                                                          │
│        │---- --    --   --- - -   -    -   -                                                                │
│        │---- - -- ----       -        -                                                                     │
│        │---- ---- --   ----    -   --   --  --- -- - ----    -        -  - -  --   -          -             │
│ 0.00   │----------------------------------------------------------------------------------------------------│
├────────┼────────────────────────────────────────────────────────────────────────────────────────────────────┤
│        │0.00                                                                                         6.39e+3│
│        │                                                step                                                │
└────────┴────────────────────────────────────────────────────────────────────────────────────────────────────┘Log-loss, for better visibility:

Learning rate:
┌─────────┬────────────────────────────────────────────────────────────────────────────────────────────────────┐
│ -1.00e-1│                                                                                                   -│
│         │                                                                                                 ---│
│         │                                                                                              ----  │
│         │                                                                                            ---     │
│         │                                                                                         ----       │
│         │                                                                                       ---          │
│         │                                                                                    ----            │
│         │                                                                                  ---               │
│         │                                                                               ----                 │
│         │                                                                            ----                    │
│         │                                                                          ---                       │
│         │                                                                       ----                         │
│         │                                                                     ---                            │
│l        │                                                                  ----                              │
│e        │                                                                ---                                 │
│a        │                                                             ----                                   │
│r        │                                                          ----                                      │
│n        │                                                        ---                                         │
│i        │                                                     ----                                           │
│n        │                                                   ---                                              │
│g        │                                                ----                                                │
│         │                                              ---                                                   │
│r        │                                           ----                                                     │
│a        │                                         ---                                                        │
│t        │                                      ----                                                          │
│e        │                                   ----                                                             │
│         │                                 ---                                                                │
│         │                              ----                                                                  │
│         │                            ---                                                                     │
│         │                         ----                                                                       │
│         │                       ---                                                                          │
│         │                    ----                                                                            │
│         │                 ----                                                                               │
│         │               ---                                                                                  │
│         │            ----                                                                                    │
│         │          ---                                                                                       │
│         │       ----                                                                                         │
│         │     ---                                                                                            │
│         │  ----                                                                                              │
│ -2.00e-1│---                                                                                                 │
├─────────┼────────────────────────────────────────────────────────────────────────────────────────────────────┤
│         │0.00                                                                                         6.39e+3│
│         │                                                step                                                │
└─────────┴────────────────────────────────────────────────────────────────────────────────────────────────────┘mlp_result's name: mlp_point_mlp_result
(mlp moons_input) name: mlp_moons_input
