Retrieving commandline, environment, or config file variable ocannl_log_level
Found 0, in the config file
Epoch=1, step=0, batch=0, lr=0.2, loss=27.29, epoch loss=27.29
Epoch=1, step=1, batch=1, lr=0.2, loss=1.051, epoch loss=28.34
Epoch=1, step=2, batch=2, lr=0.2, loss=3.316, epoch loss=31.65
Epoch=1, step=3, batch=3, lr=0.2, loss=0.6153, epoch loss=32.27
Epoch=1, step=4, batch=4, lr=0.2, loss=2.469, epoch loss=34.74
Epoch=1, step=5, batch=5, lr=0.2, loss=0.6122, epoch loss=35.35
Epoch=1, step=6, batch=6, lr=0.2, loss=0.08047, epoch loss=35.43
Epoch=1, step=7, batch=7, lr=0.2, loss=0.4598, epoch loss=35.89
Epoch=1, step=8, batch=8, lr=0.2, loss=0.009037, epoch loss=35.9
Epoch=1, step=9, batch=9, lr=0.2, loss=0.0162, epoch loss=35.91
...............................................................

Loss:
┌────────┬─────────────────────────┐
│ 2.72e+1│-                        │
│        │                         │
│        │                         │
│l       │                         │
│o       │                         │
│s       │                         │
│s       │                         │
│        │                         │
│        │- -                      │
│ 0.00   │-------------------------│
├────────┼─────────────────────────┤
│        │0.00              6.39e+3│
│        │          step           │
└────────┴─────────────────────────┘Log-loss, for better visibility:

Learning rate:
┌─────────┬─────────────────────────┐
│l-1.00e-1│                        -│
│e        │                      ---│
│a        │                   ----  │
│r        │                ----     │
│n        │             ----        │
│i        │           ---           │
│n        │        ----             │
│g        │     ----                │
│         │  ----                   │
│r        │---                      │
│a        │                         │
│t        │                         │
│e-2.00e-1│                         │
├─────────┼─────────────────────────┤
│         │0.00              6.39e+3│
│         │          step           │
└─────────┴─────────────────────────┘mlp_result's name: mlp_point_mlp_result
(mlp moons_input) name: mlp_moons_input
