Retrieving commandline, environment, or config file variable ocannl_log_level
Found 0, in the config file
Tnode: collecting accessible arrays...
n0 moons_flat as moons_flat: Host-const/37; single prec 40x10x2; mem in bytes: 3_200
n1 moons_classes as moons_classes: Host-const/37; single prec 40x10x1; mem in bytes: 1_600
n2 range_over_offsets as range_over_offsets: Virt/15; single prec 4; mem in bytes: <not-in-yet>
n3 !@self_id as n3: Virt/40; single prec 1; mem in bytes: <not-in-yet>
n4 threefry4x32 as threefry4x32: Virt/15; single prec 4; mem in bytes: <not-in-yet>
n5 b1 as b1: Host&stream/412410; single prec 16; mem in bytes: <not-in-yet>
n6 grad_b1 as b1.grad: Local/26046; single prec 16; mem in bytes: <not-in-yet>
n7 range_over_offsets as range_over_offsets: Virt/15; single prec 4; mem in bytes: <not-in-yet>
n8 !@self_id as n8: Virt/40; single prec 1; mem in bytes: <not-in-yet>
n9 threefry4x32 as threefry4x32: Virt/15; single prec 4; mem in bytes: <not-in-yet>
n10 b2 as b2: Host&stream/412410; single prec 16; mem in bytes: <not-in-yet>
n11 grad_b2 as b2.grad: Local/26046; single prec 16; mem in bytes: <not-in-yet>
n12 range_over_offsets as range_over_offsets: Virt/15; single prec 8; mem in bytes: <not-in-yet>
n13 !@self_id as n13: Virt/40; single prec 1; mem in bytes: <not-in-yet>
n14 threefry4x32 as threefry4x32: Virt/15; single prec 8; mem in bytes: <not-in-yet>
n15 w1 as w1: Host&stream/412410; single prec 16x2; mem in bytes: <not-in-yet>
n16 grad_w1 as w1.grad: Local/26046; single prec 16x2; mem in bytes: <not-in-yet>
n17 range_over_offsets as range_over_offsets: Virt/15; single prec 64; mem in bytes: <not-in-yet>
n18 !@self_id as n18: Virt/40; single prec 1; mem in bytes: <not-in-yet>
n19 threefry4x32 as threefry4x32: Virt/15; single prec 64; mem in bytes: <not-in-yet>
n20 w2 as w2: Host&stream/412410; single prec 16x16; mem in bytes: <not-in-yet>
n21 grad_w2 as w2.grad: Local/26046; single prec 16x16; mem in bytes: <not-in-yet>
n22 range_over_offsets as range_over_offsets: Virt/15; single prec 4; mem in bytes: <not-in-yet>
n23 !@self_id as n23: Virt/40; single prec 1; mem in bytes: <not-in-yet>
n24 threefry4x32 as threefry4x32: Virt/15; single prec 4; mem in bytes: <not-in-yet>
n25 w3 as w3: Host&stream/412410; single prec 1x16; mem in bytes: <not-in-yet>
n26 grad_w3 as w3.grad: Local/26046; single prec 1x16; mem in bytes: <not-in-yet>
n27 @|_moons_input as moons_input: Local/1046; single prec 10x2; mem in bytes: <not-in-yet>
n30 @|_moons_class as moons_class: Local/1046; single prec 10x1; mem in bytes: <not-in-yet>
n33 * as n33: Local/1046; single prec 10x16; mem in bytes: <not-in-yet>
n34 grad_* as n33.grad: Local/1046; single prec 10x16; mem in bytes: <not-in-yet>
n35 + as n35: Local/1046; single prec 10x16; mem in bytes: <not-in-yet>
n36 grad_+ as n35.grad: Local/1046; single prec 10x16; mem in bytes: <not-in-yet>
n37 relu as relu: Local/1046; single prec 10x16; mem in bytes: <not-in-yet>
n38 grad_relu as relu.grad: Local/1046; single prec 10x16; mem in bytes: <not-in-yet>
n39 * as n39: Local/1046; single prec 10x16; mem in bytes: <not-in-yet>
n40 grad_* as n39.grad: Local/1046; single prec 10x16; mem in bytes: <not-in-yet>
n41 + as n41: Local/1046; single prec 10x16; mem in bytes: <not-in-yet>
n42 grad_+ as n41.grad: Local/1046; single prec 10x16; mem in bytes: <not-in-yet>
n43 relu as relu: Local/1046; single prec 10x16; mem in bytes: <not-in-yet>
n44 grad_relu as relu.grad: Local/1046; single prec 10x16; mem in bytes: <not-in-yet>
n45 * as n45: Local/1046; single prec 10x1; mem in bytes: <not-in-yet>
n46 grad_* as n45.grad: Local/1046; single prec 10x1; mem in bytes: <not-in-yet>
n47 0.5 as n47: Virt/40; single prec 1; mem in bytes: <not-in-yet>
n48 +_mlp_@|_moons_input as mlp_moons_input: Virt/15; single prec 10x1; mem in bytes: <not-in-yet>
n49 grad_+_mlp_@|_moons_input as mlp_moons_input.grad: Local/1046; single prec 10x1; mem in bytes: <not-in-yet>
n50 *. as n50: Virt/15; single prec 10x1; mem in bytes: <not-in-yet>
n51 grad_*. as n50.grad: Local/1046; single prec 10x1; mem in bytes: <not-in-yet>
n52 1 as 1: Virt/40; single prec 1; mem in bytes: <not-in-yet>
n53 - as n53: Local/1046; single prec 10x1; mem in bytes: <not-in-yet>
n54 grad_- as n53.grad: Local/1046; single prec 10x1; mem in bytes: <not-in-yet>
n55 relu_margin_loss as relu_margin_loss: Virt/15; single prec 10x1; mem in bytes: <not-in-yet>
n56 grad_relu_margin_loss as relu_margin_loss.grad: Local/1046; single prec 10x1; mem in bytes: <not-in-yet>
n57 10 as 10: Virt/40; single prec 1; mem in bytes: <not-in-yet>
n58 => as n58: Local/1046; single prec 1; mem in bytes: <not-in-yet>
n59 grad_=> as n58.grad: Virt/40; single prec 1; mem in bytes: <not-in-yet>
n60 /._scalar_loss as scalar_loss: Host&stream/412410; single prec 1; mem in bytes: 4
n61 grad_/._scalar_loss as scalar_loss.grad: Virt/40; single prec 1; mem in bytes: <not-in-yet>
n62 2 as 2: Virt/40; single prec 1; mem in bytes: <not-in-yet>
n63 **. as n63: Virt/40; single prec 1; mem in bytes: <not-in-yet>
n64 -1 as n64: Virt/40; single prec 1; mem in bytes: <not-in-yet>
n65 *. as n65: Virt/152; single prec 1; mem in bytes: <not-in-yet>
n66 /. as n66: Host&stream/412410; single prec 1; mem in bytes: <not-in-yet>
n67 1 as 1: Virt/40; single prec 1; mem in bytes: <not-in-yet>
n68 80 as 80: Virt/40; single prec 1; mem in bytes: <not-in-yet>
n69 !@ as n69: Virt/152; single prec 1; mem in bytes: <not-in-yet>
n70 80 as 80: Virt/40; single prec 1; mem in bytes: <not-in-yet>
n71 2 as 2: Virt/40; single prec 1; mem in bytes: <not-in-yet>
n72 *. as n72: Virt/40; single prec 1; mem in bytes: <not-in-yet>
n73 - as n73: Virt/152; single prec 1; mem in bytes: <not-in-yet>
n74 0.1 as n74: Virt/40; single prec 1; mem in bytes: <not-in-yet>
n75 *. as n75: Virt/152; single prec 1; mem in bytes: <not-in-yet>
n76 /._learning_rate as learning_rate: Host&stream/412410; single prec 1; mem in bytes: <not-in-yet>
n77 sgd_delta_b1 as sgd_delta_b1: Virt/15; single prec 16; mem in bytes: <not-in-yet>
n78 sgd_momentum_b1 as sgd_momentum_b1: unknown; single prec <not-in-yet>; mem in bytes: <not-in-yet>
n79 0.0001 as n79: Virt/40; single prec 1; mem in bytes: <not-in-yet>
n80 *. as n80: Virt/15; single prec 16; mem in bytes: <not-in-yet>
n81 sgd_delta_b2 as sgd_delta_b2: Virt/15; single prec 16; mem in bytes: <not-in-yet>
n82 sgd_momentum_b2 as sgd_momentum_b2: unknown; single prec <not-in-yet>; mem in bytes: <not-in-yet>
n83 0.0001 as n83: Virt/40; single prec 1; mem in bytes: <not-in-yet>
n84 *. as n84: Virt/15; single prec 16; mem in bytes: <not-in-yet>
n85 sgd_delta_w1 as sgd_delta_w1: Virt/15; single prec 16x2; mem in bytes: <not-in-yet>
n86 sgd_momentum_w1 as sgd_momentum_w1: unknown; single prec <not-in-yet>; mem in bytes: <not-in-yet>
n87 0.0001 as n87: Virt/40; single prec 1; mem in bytes: <not-in-yet>
n88 *. as n88: Virt/15; single prec 16x2; mem in bytes: <not-in-yet>
n89 sgd_delta_w2 as sgd_delta_w2: Virt/15; single prec 16x16; mem in bytes: <not-in-yet>
n90 sgd_momentum_w2 as sgd_momentum_w2: unknown; single prec <not-in-yet>; mem in bytes: <not-in-yet>
n91 0.0001 as n91: Virt/40; single prec 1; mem in bytes: <not-in-yet>
n92 *. as n92: Virt/15; single prec 16x16; mem in bytes: <not-in-yet>
n93 sgd_delta_w3 as sgd_delta_w3: Virt/15; single prec 1x16; mem in bytes: <not-in-yet>
n94 sgd_momentum_w3 as sgd_momentum_w3: unknown; single prec <not-in-yet>; mem in bytes: <not-in-yet>
n95 0.0001 as n95: Virt/40; single prec 1; mem in bytes: <not-in-yet>
n96 *. as n96: Virt/15; single prec 1x16; mem in bytes: <not-in-yet>
n97 point as point: Host-const/37; single prec 2; mem in bytes: <not-in-yet>
n98 * as n98: Local/1046; single prec 16; mem in bytes: <not-in-yet>
n99 grad_* as n98.grad: unknown; single prec 16; mem in bytes: <not-in-yet>
n100 + as n100: Virt/15; single prec 16; mem in bytes: <not-in-yet>
n101 grad_+ as n100.grad: unknown; single prec 16; mem in bytes: <not-in-yet>
n102 relu as relu: Local/1046; single prec 16; mem in bytes: <not-in-yet>
n103 grad_relu as relu.grad: unknown; single prec 16; mem in bytes: <not-in-yet>
n104 * as n104: Local/1046; single prec 16; mem in bytes: <not-in-yet>
n105 grad_* as n104.grad: unknown; single prec 16; mem in bytes: <not-in-yet>
n106 + as n106: Virt/15; single prec 16; mem in bytes: <not-in-yet>
n107 grad_+ as n106.grad: unknown; single prec 16; mem in bytes: <not-in-yet>
n108 relu as relu: Virt/15; single prec 16; mem in bytes: <not-in-yet>
n109 grad_relu as relu.grad: unknown; single prec 16; mem in bytes: <not-in-yet>
n110 * as n110: Local/1046; single prec 1; mem in bytes: <not-in-yet>
n111 grad_* as n110.grad: unknown; single prec 1; mem in bytes: <not-in-yet>
n112 0.5 as n112: Virt/40; single prec 1; mem in bytes: <not-in-yet>
n113 +_mlp_point as mlp_point: Host&stream/412410; single prec 1; mem in bytes: <not-in-yet>
n114 grad_+_mlp_point as mlp_point.grad: unknown; single prec 1; mem in bytes: <not-in-yet>
Tnode: Finished printing headers.
mlp_result's name: mlp_point
(mlp moons_input) name: mlp_moons_input
