Retrieving commandline, environment, or config file variable ocannl_log_level
Found 0, in the config file
Testing conv2d with use_padding=true preserves dimensions...
Input shape: 5x5x1
Kernel size: 3x3
Stride: 1
use_padding: true
out_channels: 4
Expected output spatial dims: 5x5 (same as input)
HERE: test/einsum/test_conv_padding.ml:35:21
┌─────────────────────────────────────────────────┐
│[16]: +_conv2d shape 0:5,1:5,2:4                 │
│┌──────┬────────────────────────────────────────┐│
││      │axis 2                                  ││
│├──────┼────────────────────────────────────────┤│
││0 @ 0 │ -2.41  -2.00  -1.84  -2.17             ││
││axis 1│ -4.23  -3.50  -3.22  -3.80             ││
││      │ -5.43  -4.51  -4.14  -4.89             ││
││      │ -6.64  -5.51  -5.06  -5.98             ││
││      │ -4.83  -4.00  -3.68  -4.34             ││
│├──────┼────────────────────────────────────────┤│
││1 @ 0 │ -6.64     -5.51     -5.06     -5.98    ││
││axis 1│ -1.08e+1  -9.02     -8.28     -9.78    ││
││      │ -1.26e+1  -1.05e+1  -9.66     -1.14e+1 ││
││      │ -1.45e+1  -1.20e+1  -1.10e+1  -1.30e+1 ││
││      │ -1.02e+1  -8.51     -7.82     -9.24    ││
│├──────┼────────────────────────────────────────┤│
││2 @ 0 │ -1.26e+1  -1.05e+1  -9.66     -1.14e+1 ││
││axis 1│ -1.99e+1  -1.65e+1  -1.51e+1  -1.79e+1 ││
││      │ -2.17e+1  -1.80e+1  -1.65e+1  -1.95e+1 ││
││      │ -2.35e+1  -1.95e+1  -1.79e+1  -2.12e+1 ││
││      │ -1.63e+1  -1.35e+1  -1.24e+1  -1.46e+1 ││
│├──────┼────────────────────────────────────────┤│
││3 @ 0 │ -1.87e+1  -1.55e+1  -1.42e+1  -1.68e+1 ││
││axis 1│ -2.90e+1  -2.40e+1  -2.21e+1  -2.60e+1 ││
││      │ -3.08e+1  -2.55e+1  -2.34e+1  -2.77e+1 ││
││      │ -3.26e+1  -2.70e+1  -2.48e+1  -2.93e+1 ││
││      │ -2.23e+1  -1.85e+1  -1.70e+1  -2.01e+1 ││
│├──────┼────────────────────────────────────────┤│
││4 @ 0 │ -1.45e+1  -1.20e+1  -1.10e+1  -1.30e+1 ││
││axis 1│ -2.23e+1  -1.85e+1  -1.70e+1  -2.01e+1 ││
││      │ -2.35e+1  -1.95e+1  -1.79e+1  -2.12e+1 ││
││      │ -2.47e+1  -2.05e+1  -1.88e+1  -2.22e+1 ││
││      │ -1.69e+1  -1.40e+1  -1.28e+1  -1.52e+1 ││
│└──────┴────────────────────────────────────────┘│
└─────────────────────────────────────────────────┘

Testing conv2d with use_padding=false reduces dimensions...
Input shape: 5x5x1
Kernel size: 3x3
Stride: 1
use_padding: false
out_channels: 4
Expected output spatial dims: 3x3 (reduced by kernel_size-1)
HERE: test/einsum/test_conv_padding.ml:65:21
┌─────────────────────────────────────────────────┐
│[16]: +_conv2d shape 0:3,1:3,2:4                 │
│┌──────┬────────────────────────────────────────┐│
││      │axis 2                                  ││
│├──────┼────────────────────────────────────────┤│
││0 @ 0 │ -1.08e+1  -9.02     -8.28     -9.78    ││
││axis 1│ -1.26e+1  -1.05e+1  -9.66     -1.14e+1 ││
││      │ -1.45e+1  -1.20e+1  -1.10e+1  -1.30e+1 ││
│├──────┼────────────────────────────────────────┤│
││1 @ 0 │ -1.99e+1  -1.65e+1  -1.51e+1  -1.79e+1 ││
││axis 1│ -2.17e+1  -1.80e+1  -1.65e+1  -1.95e+1 ││
││      │ -2.35e+1  -1.95e+1  -1.79e+1  -2.12e+1 ││
│├──────┼────────────────────────────────────────┤│
││2 @ 0 │ -2.90e+1  -2.40e+1  -2.21e+1  -2.60e+1 ││
││axis 1│ -3.08e+1  -2.55e+1  -2.34e+1  -2.77e+1 ││
││      │ -3.26e+1  -2.70e+1  -2.48e+1  -2.93e+1 ││
│└──────┴────────────────────────────────────────┘│
└─────────────────────────────────────────────────┘

Testing conv2d with stride=2 and use_padding=true...
Input shape: 6x6x1
Kernel size: 3x3
Stride: 2
use_padding: true
out_channels: 4
Expected output spatial dims: 3x3 (input/stride)
HERE: test/einsum/test_conv_padding.ml:95:21
┌─────────────────────────────────────────────────┐
│[16]: +_conv2d shape 0:3,1:3,2:4                 │
│┌──────┬────────────────────────────────────────┐│
││      │axis 2                                  ││
│├──────┼────────────────────────────────────────┤│
││0 @ 0 │ -2.82  -2.33  -2.14  -2.53             ││
││axis 1│ -6.04  -5.01  -4.60  -5.43             ││
││      │ -8.46  -7.01  -6.44  -7.61             ││
│├──────┼────────────────────────────────────────┤│
││1 @ 0 │ -1.51e+1  -1.25e+1  -1.15e+1  -1.35e+1 ││
││axis 1│ -2.53e+1  -2.10e+1  -1.93e+1  -2.28e+1 ││
││      │ -2.90e+1  -2.40e+1  -2.21e+1  -2.60e+1 ││
│├──────┼────────────────────────────────────────┤│
││2 @ 0 │ -2.96e+1  -2.45e+1  -2.25e+1  -2.66e+1 ││
││axis 1│ -4.71e+1  -3.90e+1  -3.59e+1  -4.24e+1 ││
││      │ -5.07e+1  -4.20e+1  -3.86e+1  -4.56e+1 ││
│└──────┴────────────────────────────────────────┘│
└─────────────────────────────────────────────────┘

Input: single prec 6+3x6+3x1

Testing backprop for conv2d with stride=2 and use_padding=true...
Input shape: 6x6x1
Kernel size: 3x3
Stride: 2
use_padding: true
out_channels: 4
Backprop completed successfully!
HERE: test/einsum/test_conv_padding.ml:127:21
┌────────────────────────┐
│[18]: =>_loss shape 0:1 │
│┌┬──────────┐           │
│││axis 0    │           │
│├┼──────────┤           │
│││ -7.48e+2 │           │
│└┴──────────┘           │
└────────────────────────┘
grad_=>_loss <not-in-context>
Testing conv2d with stride=2 and use_padding=false...
Input shape: 9x9x1
Kernel size: 3x3
Stride: 2
use_padding: false
out_channels: 4
Expected output spatial dims: 4x4 ((9-3)/2 + 1)
HERE: test/einsum/test_conv_padding.ml:158:21
┌─────────────────────────────────────────────────┐
│[16]: +_conv2d shape 0:4,1:4,2:4                 │
│┌──────┬────────────────────────────────────────┐│
││      │axis 2                                  ││
│├──────┼────────────────────────────────────────┤│
││0 @ 0 │ -1.81e+1  -1.50e+1  -1.38e+1  -1.63e+1 ││
││axis 1│ -2.17e+1  -1.80e+1  -1.65e+1  -1.95e+1 ││
││      │ -2.53e+1  -2.10e+1  -1.93e+1  -2.28e+1 ││
││      │ -2.90e+1  -2.40e+1  -2.21e+1  -2.60e+1 ││
│├──────┼────────────────────────────────────────┤│
││1 @ 0 │ -5.07e+1  -4.20e+1  -3.86e+1  -4.56e+1 ││
││axis 1│ -5.43e+1  -4.51e+1  -4.14e+1  -4.89e+1 ││
││      │ -5.80e+1  -4.81e+1  -4.42e+1  -5.21e+1 ││
││      │ -6.16e+1  -5.11e+1  -4.69e+1  -5.54e+1 ││
│├──────┼────────────────────────────────────────┤│
││2 @ 0 │ -8.33e+1  -6.91e+1  -6.35e+1  -7.50e+1 ││
││axis 1│ -8.70e+1  -7.21e+1  -6.63e+1  -7.82e+1 ││
││      │ -9.06e+1  -7.51e+1  -6.90e+1  -8.15e+1 ││
││      │ -9.42e+1  -7.81e+1  -7.18e+1  -8.48e+1 ││
│├──────┼────────────────────────────────────────┤│
││3 @ 0 │ -1.16e+2  -9.62e+1  -8.84e+1  -1.04e+2 ││
││axis 1│ -1.19e+2  -9.92e+1  -9.11e+1  -1.07e+2 ││
││      │ -1.23e+2  -1.02e+2  -9.39e+1  -1.10e+2 ││
││      │ -1.26e+2  -1.05e+2  -9.66e+1  -1.14e+2 ││
│└──────┴────────────────────────────────────────┘│
└─────────────────────────────────────────────────┘


Testing backprop for conv2d with stride=2 and use_padding=false...
Input shape: 9x9x1
Kernel size: 3x3
Stride: 2
use_padding: false
out_channels: 4
Expected output shape: 4x4 ((9-3)/2 + 1)
Backprop completed successfully!
HERE: test/einsum/test_conv_padding.ml:196:21
[18]: =>_loss shape 0:1  <not-in-context>
grad_=>_loss <not-in-context>

All conv padding tests completed!
