Retrieving commandline, environment, or config file variable ocannl_log_level
Found 0, in the config file
Testing total-basis broadcast order:

Transitivity: bridging through default no longer relates rgb and xyz
  PASS: 3_rgb ⊑ 3_default rejects
  PASS: 3_default ⊑ 3_xyz rejects
  PASS: 3_rgb ⊑ 3_xyz rejects
  PASS: 3_rgb ⊑ 3_rgb accepts
Bottom asymmetry: 1_(bcast_if_1) broadcasts, 1_default does not
  PASS: 1_(bcast_if_1) ⊑ 5_rgb accepts
  PASS: 1_default ⊑ 5_rgb rejects
  PASS: 1_(bcast_if_1) ⊑ 5_default accepts
Advertisable affordance: bcast_if_1 stretches at size 1, inert atom at size > 1
  PASS: 1_(bcast_if_1) ⊑ 7_xyz accepts (stretches)
  PASS: 5_(bcast_if_1) ⊑ 5_rgb rejects (inert atom, not bottom)
  PASS: 5_(bcast_if_1) ⊑ 5_(bcast_if_1) accepts (equal atom)
Inequality no-propagation: the bottom records no basis claim
  PASS: 1_(bcast_if_1) ⊑ 5_rgb accepted, recording nothing
  PASS: 1_(bcast_if_1) ⊑ 5_xyz still accepts independently
