=== pair_conflict: named cases ===
iterator agreement                 query Same_thread  oracle same-thread 
stencil read p-1                   query Cross_thread oracle cross-thread
strided disjoint 2p vs 2p+1        query Disjoint     oracle disjoint    
non-injective match p+q            query Cross_thread oracle cross-thread
mixed radix s+4t (fits)            query Same_thread  oracle same-thread 
mixed radix s+4t (overlaps)        query Cross_thread oracle cross-thread
fixed disjoint slices              query Disjoint     oracle disjoint    
transposed access                  query Cross_thread oracle cross-thread
read row 0                         query Cross_thread oracle cross-thread
offset loop bounds [2,5]           query Same_thread  oracle same-thread 
width-1 parallel symbol            query Same_thread  oracle same-thread 
rank mismatch declines             query Cross_thread oracle same-thread 
flattened [Sub_axis; p]            query Same_thread  oracle opaque      
shared static symbol               query Same_thread  oracle same-thread 
cross-nest aligned                 query Same_thread  oracle same-thread 
cross-nest chain-position swap     query Cross_thread oracle cross-thread

=== pair_conflict: exhaustive sweep (same-nest, pairs=[p]) ===
Cross_thread/cross-thread    50
Cross_thread/same-thread     4
Disjoint/disjoint            6
Same_thread/same-thread      4

=== covers_box ===
iterators cover box                query true         oracle true        
iterator wrong extent              query false        oracle false       
mixed radix a+3b                   query true         oracle true        
mixed radix wrong product          query false        oracle false       
repeated symbol (diagonal)         query false        oracle false       
offset misses zero                 query false        oracle false       
stride gap 2i                      query false        oracle false       
fixed on unit axis                 query true         oracle true        
fixed on wide axis                 query false        oracle false       
non-zero-based loop                query false        oracle false       

=== fiber_cardinality ===
absent symbol product              query Exact 4      oracle fibers 4..4
all pinned (mixed radix)           query Exact 1      oracle fibers 1..1
strided (image cells only)         query Exact 1      oracle fibers 1..1
constant cell                      query Exact 3      oracle fibers 3..3
non-injective f1+f2                query At_least 1   oracle fibers 1..3
cancelled term f1-f1               query Exact 3      oracle fibers 3..3

=== read_covered_before ===
overwrite covers read              query Covered      oracle covered     
read wider than write              query Unknown      oracle uncovered   
strided write, strided read        query Covered      oracle covered     
strided write, dense read          query Unknown      oracle uncovered   
union init + shifted write         query Covered      oracle covered     
union with gap                     query Unknown      oracle uncovered   
same-statement write unusable      query Unknown      oracle uncovered   
common loop cancels                query Covered      oracle covered     
write-side residual common sym     query Unknown      oracle covered     
loop-carried shift declined        query Unknown      oracle covered     
whole-node write covers            query Covered      oracle covered     
vec write abutting runs            query Covered      oracle covered     
thread cancels (own cells)         query Covered      oracle covered     
thread reads foreign cell          query Unknown      oracle uncovered   
thread read over bare write        query Covered      oracle covered     
static cancels                     query Covered      oracle covered     
static read over full write        query Covered      oracle covered     
static read over fixed write       query Unknown      oracle uncovered   
mixed-radix write dense            query Covered      oracle covered     
mixed-radix write gapped           query Unknown      oracle uncovered   
2-D margins + interior tile        query Covered      oracle covered     
2-D margins with hole              query Unknown      oracle uncovered   
pointwise writes tile the box      query Covered      oracle covered     

=== gh-561: intra-statement path components ===
cond read is NOT statement-subordinate to the guarded body's write true
the body's own rhs read IS statement-subordinate to its write    true
program order: cond read before the guarded body's write         true
program order: a statement's rhs before its own write            true
program order: an inlined scope body's read before the enclosing write true

=== gh-722: separates (the peel's lane-private escape) ===
acc[w] separates w                             query true   oracle true  
acc[0] does not separate w                     query false  oracle false 
acc[w + w2] separates neither                  query false  oracle false 
acc[4w + w2] separates w and w2                query true   oracle true  
acc[w, w2] separates both                      query true   oracle true  
acc[w + s] separates w (s static)              query true   oracle true  
an empty symbol set is separated               query true   oracle true  
a lone Sub_axis (cell 0) does not separate     query false  oracle true  

=== gh-722: within_box (the validity half) ===
acc[w] fits a 4-cell node                            true (want true)
acc[w] does not fit a 1-cell node                    false (want false)
acc[w] does not fit a 3-cell node either             false (want false)
acc[w + 1] leaves a 4-cell node at the top           false (want false)
acc[w - 1] leaves a 4-cell node at the bottom        false (want false)
acc[4w + w2] fits a 16-cell node                     true (want true)
acc[w, w2] fits a 4x4 node                           true (want true)
acc[w, w2] does not fit a 4x2 node                   false (want false)
a fixed index inside the box fits                    true (want true)
a fixed index outside it does not                    false (want false)
a static index parameter is not placed               false (want false)
a lone Sub_axis addresses cell 0, inside the box     true (want true)
an unknown (dynamic) coordinate is not placed        false (want false)
a rank mismatch is not placed                        false (want false)

=== gh-722: peel_guard (which guards may join the peeled levels) ===
a guard over the peeled index alone is confined                          true
a guard over the peeled index and a static bound is confined             true
a guard mentioning no index at all is refused                            true
a guard over an enclosing index alone is refused                         true
a guard over a static bound alone is refused                             true
a mixed guard defers to the cell, naming the enclosing symbol            true
a mixed guard names every enclosing symbol it mentions, once             true
a mixed guard's static bound is not something the cell must separate     true

unsound cases: 0
