1d: input gradient matches batch-norm oracle: true
1d: four state tensors, two trainable: true
1d: every state tensor has exactly the channel shape: true
1d: inference initializes to mean zero / variance one: true
1d: training uses batch statistics: true
1d: training uses batch statistics: true
1d: inference follows two-step running-stat recurrence: true
1d: inference leaves statistics unchanged: true
1d: repeated inference leaves statistics unchanged: true
1d: explicit reinitialization resets stored statistics: true
1d: four state tensors, two trainable: true
1d: every state tensor has exactly the channel shape: true
1d: inference initializes to mean zero / variance one: true
1d: training uses batch statistics: true
1d: training uses batch statistics: true
1d: inference follows two-step running-stat recurrence: true
1d: inference leaves statistics unchanged: true
1d: repeated inference leaves statistics unchanged: true
1d: explicit reinitialization resets stored statistics: true
momentum changes executed inference: true
1d: four state tensors, two trainable: true
1d: every state tensor has exactly the channel shape: true
1d: inference initializes to mean zero / variance one: true
1d: training uses batch statistics: true
1d: training uses batch statistics: true
1d: inference follows two-step running-stat recurrence: true
1d: inference leaves statistics unchanged: true
1d: repeated inference leaves statistics unchanged: true
1d: explicit reinitialization resets stored statistics: true
1d: four state tensors, two trainable: true
1d: every state tensor has exactly the channel shape: true
1d: inference initializes to mean zero / variance one: true
1d: training uses batch statistics: true
1d: training uses batch statistics: true
1d: inference follows two-step running-stat recurrence: true
1d: inference leaves statistics unchanged: true
1d: repeated inference leaves statistics unchanged: true
1d: explicit reinitialization resets stored statistics: true
1d: four state tensors, two trainable: true
1d: every state tensor has exactly the channel shape: true
1d: inference initializes to mean zero / variance one: true
1d: training uses batch statistics: true
1d: training uses batch statistics: true
1d: inference follows two-step running-stat recurrence: true
1d: inference leaves statistics unchanged: true
1d: repeated inference leaves statistics unchanged: true
1d: explicit reinitialization resets stored statistics: true
default retains 0.9 of previous statistics: true
2d: input gradient matches batch-norm oracle: true
2d: four state tensors, two trainable: true
2d: every state tensor has exactly the channel shape: true
2d: inference initializes to mean zero / variance one: true
2d: training uses batch statistics: true
2d: training uses batch statistics: true
2d: inference follows two-step running-stat recurrence: true
2d: inference leaves statistics unchanged: true
2d: repeated inference leaves statistics unchanged: true
2d: explicit reinitialization resets stored statistics: true
2d: four state tensors, two trainable: true
2d: every state tensor has exactly the channel shape: true
2d: inference initializes to mean zero / variance one: true
2d: training uses batch statistics: true
2d: training uses batch statistics: true
2d: inference follows two-step running-stat recurrence: true
2d: inference leaves statistics unchanged: true
2d: repeated inference leaves statistics unchanged: true
2d: explicit reinitialization resets stored statistics: true
momentum changes executed inference: true
2d: four state tensors, two trainable: true
2d: every state tensor has exactly the channel shape: true
2d: inference initializes to mean zero / variance one: true
2d: training uses batch statistics: true
2d: training uses batch statistics: true
2d: inference follows two-step running-stat recurrence: true
2d: inference leaves statistics unchanged: true
2d: repeated inference leaves statistics unchanged: true
2d: explicit reinitialization resets stored statistics: true
2d: four state tensors, two trainable: true
2d: every state tensor has exactly the channel shape: true
2d: inference initializes to mean zero / variance one: true
2d: training uses batch statistics: true
2d: training uses batch statistics: true
2d: inference follows two-step running-stat recurrence: true
2d: inference leaves statistics unchanged: true
2d: repeated inference leaves statistics unchanged: true
2d: explicit reinitialization resets stored statistics: true
2d: four state tensors, two trainable: true
2d: every state tensor has exactly the channel shape: true
2d: inference initializes to mean zero / variance one: true
2d: training uses batch statistics: true
2d: training uses batch statistics: true
2d: inference follows two-step running-stat recurrence: true
2d: inference leaves statistics unchanged: true
2d: repeated inference leaves statistics unchanged: true
2d: explicit reinitialization resets stored statistics: true
default retains 0.9 of previous statistics: true
