                                                  #11 +_combined
                                                   1.06
                                          #10 + unknown                                              │#8 not_notted
                                          <not-in-context>                                           │ 0.00
                                 #9 + unknown                                     │#7 sat01_saturated│[#2 *._dot]
                                 <not-in-context>                                 │ 1.00             │
                         #5 relu_relued                          │#6 recip_reciped│[#2 *._dot]       │
                          0.00                                   │ 6.25e-2        │                  │
                        #4 - unknown                             │[#2 *._dot]     │                  │
                        <not-in-context>                         │                │                  │
            #2 *._dot            │#3 20 Const/24:literal-constant│                │                  │
             1.60e+1             │<not-in-context>               │                │                  │
#0 a unknown    │#1 b unknown    │                               │                │                  │
<not-in-context>│<not-in-context>│                               │                │                  │
uniform bfloat16: 8 values, all in [0,1): true
virtual uniform bfloat16: 9 values, all in [0,1): true
