configured limit is effective: true
literal fetch follows the configured size limit: true
host initializer waits for shape inference: true
broadcast scalar preserves explicit rows and executed values: PASS
fresh context uploads the scalar after its forward was consumed: PASS
literal fetch follows the configured size limit: true
host initializer waits for shape inference: true
broadcast scalar preserves explicit rows and executed values: PASS
fresh context uploads the scalar after its forward was consumed: PASS
rank-zero scalar root keeps its shape: true
rank-zero scalar root initializes without a consumer: PASS
host scalar fill accepts dimensions inferred by an einsum: true
inferred scalar initialization executes: PASS
scalar parameter initializes across its inferred shape: PASS
host-backed array parameter initializes: PASS
ordinary initialization preserves an edited scalar parameter: PASS
ordinary initialization preserves an edited array parameter: PASS
reinit_all restores the configured scalar parameter value: PASS
reinit_all restores the configured array parameter values: PASS
forward reads the restored parameter buffers: PASS
computed parameter reads its host-backed initializer dependency: PASS
ordinary initialization skips an edited computed parameter: PASS
reinit_all restores a nested host-backed parameter: PASS
computed initialization reads the restored dependency: PASS
forward reads the recomputed parameter after reinitialization: PASS
a fresh context preserves another context's parameter edits: PASS
a fresh context preserves another context's non-differentiable state: PASS
a fresh context initializes its own nested parameter: PASS
a fresh context initializes its own nested state: PASS
a fresh initializer reads context-owned dependencies: PASS
parameter updates remain independent across contexts: PASS
state updates remain independent across contexts: PASS
reinitialization restores the selected context's parameter: PASS
reinitialization preserves another context's parameter: PASS
reinitialization preserves another context's state: PASS
releasing one context preserves the other context's forward: PASS
padded materialized scalar init survives only with the in-kernel limit: true
convolution commits scalar halo padding: true
scalar host buffer fills the interior and neutral margins: true
padded scalar convolution matches the independent reference: PASS
padded scalar values remain correct on a second run: PASS
padded materialized scalar init survives only with the in-kernel limit: true
convolution commits scalar halo padding: true
scalar host buffer fills the interior and neutral margins: true
padded scalar convolution matches the independent reference: PASS
padded scalar values remain correct on a second run: PASS
configured limit is effective: true
literal fetch follows the configured size limit: true
host initializer waits for shape inference: true
broadcast scalar preserves explicit rows and executed values: PASS
fresh context uploads the scalar after its forward was consumed: PASS
literal fetch follows the configured size limit: true
host initializer waits for shape inference: true
broadcast scalar preserves explicit rows and executed values: PASS
fresh context uploads the scalar after its forward was consumed: PASS
rank-zero scalar root keeps its shape: true
rank-zero scalar root initializes without a consumer: PASS
host scalar fill accepts dimensions inferred by an einsum: true
inferred scalar initialization executes: PASS
scalar parameter initializes across its inferred shape: PASS
host-backed array parameter initializes: PASS
ordinary initialization preserves an edited scalar parameter: PASS
ordinary initialization preserves an edited array parameter: PASS
reinit_all restores the configured scalar parameter value: PASS
reinit_all restores the configured array parameter values: PASS
forward reads the restored parameter buffers: PASS
computed parameter reads its host-backed initializer dependency: PASS
ordinary initialization skips an edited computed parameter: PASS
reinit_all restores a nested host-backed parameter: PASS
computed initialization reads the restored dependency: PASS
forward reads the recomputed parameter after reinitialization: PASS
a fresh context preserves another context's parameter edits: PASS
a fresh context preserves another context's non-differentiable state: PASS
a fresh context initializes its own nested parameter: PASS
a fresh context initializes its own nested state: PASS
a fresh initializer reads context-owned dependencies: PASS
parameter updates remain independent across contexts: PASS
state updates remain independent across contexts: PASS
reinitialization restores the selected context's parameter: PASS
reinitialization preserves another context's parameter: PASS
reinitialization preserves another context's state: PASS
releasing one context preserves the other context's forward: PASS
padded materialized scalar init survives only with the in-kernel limit: true
convolution commits scalar halo padding: true
scalar host buffer fills the interior and neutral margins: true
padded scalar convolution matches the independent reference: PASS
padded scalar values remain correct on a second run: PASS
padded materialized scalar init survives only with the in-kernel limit: true
convolution commits scalar halo padding: true
scalar host buffer fills the interior and neutral margins: true
padded scalar convolution matches the independent reference: PASS
padded scalar values remain correct on a second run: PASS
padded fill keeps uneven margins on all three axes: true
padded fill folds an unpadded innermost axis into its runs: true
witness forces the host initializer itself: true
witness buffer carries committed padding: true
padded scalar host fill allocates under 512 heap words, whatever its cell count: true
witness forces the host initializer itself: true
witness buffer carries committed padding: true
padded scalar host fill allocates under 512 heap words, whatever its cell count: true
