an empty implementation census reaches its refusal: true
an invalid implementation reaches the export-parser refusal: true
an invalid consumer reaches the reference-parser refusal: true
an invalid interface reaches the type-census refusal: true

Synthetic controls: scanner refusal diagnostics exercised by this control golden:
  [scanner-refusal:0379aebd6902dcef1b8a879a586303c6] mli-less implementation modules
  [scanner-refusal:20f449385ebca8a7a25b2d306c8e0f44] scan cannot vouch
  [scanner-refusal:a2a944c677a0439ea6a8b98ef3decc70] its mention counts
  [scanner-refusal:085de8c521f251df70b65fc6454dfdad] OCaml source does
