Source floor: test/ >= 200
Source floor: arrayjit/test/ >= 20
Adoption threshold: 3 record constructions or 1 private traversal
arrayjit/test/test_cross_cse.ml -- blocked-on-954: arrayjit package cannot link ll_test
arrayjit/test/test_local_scope_init.ml -- blocked-on-954: arrayjit package cannot link ll_test
arrayjit/test/test_one_hot_gather_rewrite.ml -- blocked-on-954: arrayjit package cannot link ll_test
arrayjit/test/test_stage_b_where_debug.ml -- blocked-on-954: arrayjit package cannot link ll_test
arrayjit/test/test_vectorized_codegen.ml -- blocked-on-954: arrayjit package cannot link ll_test
test/operations/affine_extraction.ml -- existing migration debt; adopt ll_test when touched
test/operations/affine_lowering.ml -- existing migration debt; adopt ll_test when touched
test/operations/autotune_scope_menu.ml -- existing migration debt; adopt ll_test when touched
test/operations/autotune_smoke.ml -- existing migration debt; adopt ll_test when touched
test/operations/cost_model_floor.ml -- existing migration debt; adopt ll_test when touched
test/operations/cpu_simd_reduction.ml -- existing migration debt; adopt ll_test when touched
test/operations/fission_schedule.ml -- existing migration debt; adopt ll_test when touched
test/operations/hardware_axes_parity.ml -- existing migration debt; adopt ll_test when touched
test/operations/hip_scratch_budget.ml -- existing migration debt; adopt ll_test when touched
test/operations/mma_tensorization_label.ml -- existing migration debt; adopt ll_test when touched
test/operations/model_default_fallback.ml -- existing migration debt; adopt ll_test when touched
test/operations/narrow_storage_compute.ml -- existing migration debt; adopt ll_test when touched
test/operations/schedule_conv_gemm.ml -- existing migration debt; adopt ll_test when touched
test/operations/schedule_cpu_pack_matmul.ml -- existing migration debt; adopt ll_test when touched
test/operations/schedule_epilogue_fusion.ml -- existing migration debt; adopt ll_test when touched
test/operations/schedule_ldmatrix_matmul.ml -- existing migration debt; adopt ll_test when touched
test/operations/schedule_pack_mma_matmul.ml -- existing migration debt; adopt ll_test when touched
test/operations/schedule_pipelined_matmul.ml -- existing migration debt; adopt ll_test when touched
test/operations/schedule_register_matmul.ml -- existing migration debt; adopt ll_test when touched
test/operations/schedule_swizzle_matmul.ml -- existing migration debt; adopt ll_test when touched
test/operations/scratch_value_variance.ml -- existing migration debt; adopt ll_test when touched
test/operations/test_bounds_folded_gather.ml -- existing migration debt; adopt ll_test when touched
test/operations/test_one_hot_embedding_backward.ml -- existing migration debt; adopt ll_test when touched
test/operations/test_one_hot_embedding_lookup.ml -- existing migration debt; adopt ll_test when touched
test/operations/test_slice_alias.ml -- existing migration debt; adopt ll_test when touched
test/operations/tile_mma_declines.ml -- existing migration debt; adopt ll_test when touched
test/operations/tile_mma_geometry.ml -- existing migration debt; adopt ll_test when touched
test/support/ll_test.ml -- canonical harness implementation owns these builders and traversals
