Retrieving commandline, environment, or config file variable ocannl_log_level
Found 0, in the config file
=== Empty input ===

=== Single-label ===
┌──────────┬───────────┬───────────────┬───────┬────────┬─────┐
│Benchmarks│Time in sec│Memory in bytes│Speedup│Mem gain│score│
├──────────┼───────────┼───────────────┼───────┼────────┼─────┤
│run-A     │1.         │100            │2.000  │2.000   │v    │
│run-B     │2.         │200            │1.000  │1.000   │v    │
└──────────┴───────────┴───────────────┴───────┴────────┴─────┘
=== Multi-label grouping ===
┌──────────┬───────────┬───────────────┬───────┬────────┬──┐
│Benchmarks│Time in sec│Memory in bytes│Speedup│Mem gain│ms│
├──────────┼───────────┼───────────────┼───────┼────────┼──┤
│fast-A    │1.         │100            │2.000  │2.000   │v │
│fast-B    │2.         │200            │1.000  │1.000   │v │
├──────────┼───────────┼───────────────┼───────┼────────┼──┤
│Benchmarks│Time in sec│Memory in bytes│Speedup│Mem gain│MB│
├──────────┼───────────┼───────────────┼───────┼────────┼──┤
│big-C     │3.         │300            │1.000  │1.000   │v │
└──────────┴───────────┴───────────────┴───────┴────────┴──┘
=== Per-group speedup ===
┌──────────┬───────────┬───────────────┬───────┬────────┬──┐
│Benchmarks│Time in sec│Memory in bytes│Speedup│Mem gain│ms│
├──────────┼───────────┼───────────────┼───────┼────────┼──┤
│a1        │1.         │10             │4.000  │4.000   │v │
│a2        │2.         │20             │2.000  │2.000   │v │
│a3        │4.         │40             │1.000  │1.000   │v │
├──────────┼───────────┼───────────────┼───────┼────────┼──┤
│Benchmarks│Time in sec│Memory in bytes│Speedup│Mem gain│MB│
├──────────┼───────────┼───────────────┼───────┼────────┼──┤
│b1        │10.        │100            │4.000  │4.000   │v │
│b2        │20.        │200            │2.000  │2.000   │v │
│b3        │40.        │400            │1.000  │1.000   │v │
└──────────┴───────────┴───────────────┴───────┴────────┴──┘
=== Non-consecutive same label ===
┌──────────┬───────────┬───────────────┬───────┬────────┬──┐
│Benchmarks│Time in sec│Memory in bytes│Speedup│Mem gain│ms│
├──────────┼───────────┼───────────────┼───────┼────────┼──┤
│a         │1.         │10             │3.000  │3.000   │v │
│c         │3.         │30             │1.000  │1.000   │v │
├──────────┼───────────┼───────────────┼───────┼────────┼──┤
│Benchmarks│Time in sec│Memory in bytes│Speedup│Mem gain│MB│
├──────────┼───────────┼───────────────┼───────┼────────┼──┤
│b         │2.         │20             │1.000  │1.000   │v │
└──────────┴───────────┴───────────────┴───────┴────────┴──┘
