tf32 policy-off matmul matches the serial twin bitwise: true
tf32 policy-off renders and records the scalar fallback: true
tf32 policy-off autotune omits tensorized candidates: true
tf32 policy-on matmul matches the serial twin within tolerance: true
tf32 policy-on renders and records wmma tf32: true
tf32 k=24 divergent tile matches the serial twin: true
tf32 k=24 divergent tile emits the wmma intrinsic: true
tf32 k=24 autotune seeds tensorized candidates: true
tf32 transposed-A matmul matches the serial twin: true
tf32 transposed-A matmul emits the expected wmma layout: true
tensorized matmul values match the serial twin: true
C-backend fallback matches bitwise: true
tensorized structure as expected: true
half tensorized matmul matches the serial twin bitwise: true
half tensorized structure as expected: true
Fp16_wide half serial rendering equals the once-narrowed wide reference bitwise: true
Fp16_wide half tensorized matmul equals the same wide reference bitwise (the residency, not the schedule, sets the width): true
Fp16_wide mma seeds match the backend's advertised emission scopes: true
Fp16_wide half tensorized structure as expected: true
Fp16_wide with narrow_compute_f32 off matches the independent wide reference: true
Fp16_wide with narrow_compute_f32 off declines the register tiling (no narrow C-tile accumulator): true
bf32 tensorized matmul matches the serial twin: true
bf32 tensorized structure as expected: true
bfu tensorized matmul matches the serial twin: true
bfu tensorized structure as expected: true
bfu_ta tensorized matmul matches the serial twin: true
bfu_ta tensorized structure as expected: true
bfu_tb tensorized matmul matches the serial twin: true
bfu_tb tensorized structure as expected: true
bfu_m2 tensorized matmul matches the serial twin: true
bfu_m2 tensorized structure as expected: true
f8 tensorized matmul matches the serial twin bitwise: true
f8 tensorized structure as expected: true
f8 Metal fallback fences device memory on both sides: true
f8 Metal fence check rejects a threadgroup-only bracket: true
f8_ta tensorized matmul matches the serial twin bitwise: true
f8_ta tensorized structure as expected: true
f8_ta Metal fallback fences device memory on both sides: true
f8_ta Metal fence check rejects a threadgroup-only bracket: true
f8_tb tensorized matmul matches the serial twin bitwise: true
f8_tb tensorized structure as expected: true
f8_tb Metal fallback fences device memory on both sides: true
f8_tb Metal fence check rejects a threadgroup-only bracket: true
edge-extent tensorized matmul matches the serial twin bitwise: true
edge-extent register tiling with peeled edges: true
extent-adapted tensorized matmul matches the serial twin bitwise: true
extent-adapted tile width covers the column extent: true
full-mantissa products are inexact in f32: true
full-mantissa tensorized matmul matches the serial twin bitwise: true
register tiling offers a whole-vector fused accumulator update: true
staged+tensorized matmul parity (GPU) or clean rejection (CPU): true
staged+tensorized structure as expected: true
staged+tensorized half matmul matches the serial twin: true
staged+tensorized half fragment residency: true
staged+tensorized uniform-f16 matmul matches the serial twin bitwise: true
staged+tensorized uniform-f16 fragment residency: true
staged+tensorized Fp16_wide matmul equals the once-narrowed wide reference bitwise: true
staged+tensorized Fp16_wide fragment residency converts d once: true
ta tensorized matmul matches the serial twin: true
ta C-backend fallback matches bitwise: true
ta tensorized structure as expected: true
tb tensorized matmul matches the serial twin: true
tb C-backend fallback matches bitwise: true
tb tensorized structure as expected: true
misassigned roles are rejected with a targeted error: true
