Retrieving commandline, environment, or config file variable ocannl_log_level
Found 0, in the config file
output-list label: PASS (bases=[rgb] includes "rgb")
input-tuple label: PASS (bases=[default,features] includes "features")
batch-array label: PASS (bases=[examples,default] includes "examples")
explicit bcast_if_1 label: PASS (bases=[bcast_if_1] includes "bcast_if_1")
