Retrieving commandline, environment, or config file variable ocannl_log_level
Found 0, in the config file
Dimension a: 2
Dimension b: 3
Dimension c: 4
Dimension i: 5
Dimension j: 7
HERE: test/operations/test_einsum_capture.ml:39:21
┌───────────────────────────┐
│[25]: +_dim_calc shape 0:1 │
│┌┬──────┐                  │
│││axis 0│                  │
│├┼──────┤                  │
│││ 9.00 │                  │
│└┴──────┘                  │
└───────────────────────────┘
