Retrieving commandline, environment, or config file variable ocannl_log_level
Found 0, in the config file
Generated 10000 values from 2500 counters (4.0x expansion)

Uniform Distribution [0, 1) Histogram
=====================================
Bin  0: #####################################  492 (4.9%)
Bin  1: #####################################  494 (4.9%)
Bin  2: ########################################  530 (5.3%)
Bin  3: ######################################  511 (5.1%)
Bin  4: ####################################  486 (4.9%)
Bin  5: ######################################  516 (5.2%)
Bin  6: #######################################  518 (5.2%)
Bin  7: ########################################  530 (5.3%)
Bin  8: #####################################  499 (5.0%)
Bin  9: ####################################  481 (4.8%)
Bin 10: ######################################  513 (5.1%)
Bin 11: ######################################  507 (5.1%)
Bin 12: ###################################  471 (4.7%)
Bin 13: ####################################  481 (4.8%)
Bin 14: #######################################  522 (5.2%)
Bin 15: ##################################  458 (4.6%)
Bin 16: #####################################  501 (5.0%)
Bin 17: ####################################  488 (4.9%)
Bin 18: #######################################  518 (5.2%)
Bin 19: ####################################  484 (4.8%)

Statistics:
  Mean: 0.4971 (expected: ~0.5)
  Std Dev: 0.2884 (expected: ~0.2887)
  Min: 0.0000
  Max: 0.9999
  Chi-square statistic: 15.10 (df=19, critical value at 0.05: ~30.14)
  All values in [0, 1) range: true


Normal Distribution N(0,1) Statistical Test
============================================
Generated 10000 values
  Mean (expected: ~0.0, tolerance: 0.10): PASS
  Std Dev (expected: ~1.0, tolerance: 0.10): PASS
  Within 1 std dev %% (expected: ~68.3, tolerance: 3.00): PASS
  Within 2 std dev %% (expected: ~95.4, tolerance: 2.00): PASS
  Within 3 std dev %% (expected: ~99.7, tolerance: 1.00): PASS
  Skewness (expected: ~0.0, tolerance: 0.15): PASS
  Excess Kurtosis (expected: ~0.0, tolerance: 0.15): PASS
  Min (should be < -3.0): PASS
  Max (should be > 3.0): PASS

Overall: ALL TESTS PASSED


Batched Generation Consistency Test
====================================
Generated 1000 values in 10 batches of 100
Uniform values: 3997 unique out of 1000 (399.7%)
Normal values: 4000 unique out of 1000 (400.0%)

Batch means consistency:
  Uniform: mean of batch means = 0.5032, std = 0.0318
  Normal: mean of batch means = 0.0047, std = 0.0641
