Retrieving commandline, environment, or config file variable ocannl_log_level
Found 0, in the config file
Generated 10000 values from 2500 counters (4.0x expansion)

Uniform Distribution [0, 1) Histogram
=====================================
Bin  0: ########################################  544 (5.4%)
Bin  1: ####################################  493 (4.9%)
Bin  2: ###################################  489 (4.9%)
Bin  3: ################################  442 (4.4%)
Bin  4: #####################################  511 (5.1%)
Bin  5: #####################################  513 (5.1%)
Bin  6: ######################################  527 (5.3%)
Bin  7: ######################################  528 (5.3%)
Bin  8: ####################################  492 (4.9%)
Bin  9: #####################################  505 (5.1%)
Bin 10: ##################################  472 (4.7%)
Bin 11: #####################################  508 (5.1%)
Bin 12: ######################################  521 (5.2%)
Bin 13: ####################################  493 (4.9%)
Bin 14: ###################################  489 (4.9%)
Bin 15: ####################################  501 (5.0%)
Bin 16: ###################################  478 (4.8%)
Bin 17: ###################################  481 (4.8%)
Bin 18: #####################################  506 (5.1%)
Bin 19: #####################################  507 (5.1%)

Statistics:
  Mean: 0.4984 (expected: ~0.5)
  Std Dev: 0.2889 (expected: ~0.2887)
  Min: 0.0000
  Max: 1.0000
  Chi-square statistic: 19.50 (df=19, critical value at 0.05: ~30.14)
  All values in [0, 1) range: true


Normal Distribution N(0,1) Histogram
====================================
Bin  0:     0 (0.0%)
Bin  1:     1 (0.0%)
Bin  2:     3 (0.0%)
Bin  3:    10 (0.1%)
Bin  4:    22 (0.2%)
Bin  5: #   43 (0.4%)
Bin  6: ##   83 (0.8%)
Bin  7: ####  143 (1.4%)
Bin  8: #######  236 (2.4%)
Bin  9: ############  381 (3.8%)
Bin 10: ##################  548 (5.5%)
Bin 11: #######################  716 (7.2%)
Bin 12: ##########################  799 (8.0%)
Bin 13: ############################  881 (8.8%)
Bin 14: ######################################## 1216 (12.2%)
Bin 15: ###################################### 1168 (11.7%)
Bin 16: ##########################  815 (8.2%)
Bin 17: ##########################  812 (8.1%)
Bin 18: ######################  698 (7.0%)
Bin 19: ################  514 (5.1%)
Bin 20: ###########  349 (3.5%)
Bin 21: #######  226 (2.3%)
Bin 22: #####  158 (1.6%)
Bin 23: ###   96 (1.0%)
Bin 24: #   48 (0.5%)
Bin 25:    18 (0.2%)
Bin 26:     8 (0.1%)
Bin 27:     3 (0.0%)
Bin 28:     3 (0.0%)
Bin 29:     2 (0.0%)

Statistics:
  Mean: -0.0073 (expected: ~0.0)
  Std Dev: 1.0022 (expected: ~1.0)
  Min: -3.5704
  Max: 4.0677
  Within 1 std dev: 67.6% (expected: ~68.3%)
  Within 2 std dev: 95.4% (expected: ~95.4%)
  Within 3 std dev: 99.8% (expected: ~99.7%)
  Skewness: 0.0449 (expected: ~0.0)
  Excess Kurtosis: -0.0068 (expected: ~0.0)


Batched Generation Consistency Test
====================================
Generated 1000 values in 10 batches of 100
Uniform values: 3998 unique out of 1000 (399.8%)
Normal values: 4000 unique out of 1000 (400.0%)

Batch means consistency:
  Uniform: mean of batch means = 0.4792, std = 0.0266
  Normal: mean of batch means = -0.0156, std = 0.0849
