census: standard layout renders register-tiled: true
census: the honoured schedule's routine is labeled tensorized: true
census: transposed-B layout falls back to the lane-0 scalar rendering: true
census: the declined schedule's routine is labeled scalar-fallback, not tensorized: true
per-chunk B~ re-pack matches the serial twin bitwise: true
per-chunk B~ re-pack under the cap pool-parallelizes: true
per-chunk B~ re-pack over the cap declines to serial: true
seeds: standard, both hoistable: total=22 whole=2 packed=16 hoist=10 grid=2 packrest=0
seeds: transposed B, hoistable: total=20 whole=0 packed=16 hoist=10 grid=2 packrest=0
seeds: computed A x hoistable B: total=23 whole=2 packed=17 hoist=11 grid=3 packrest=1
seeds: hoistable A x computed transposed B: total=20 whole=0 packed=16 hoist=10 grid=2 packrest=1
seeds: no hoistable operand: total=13 whole=2 packed=9 hoist=0 grid=2 packrest=1
seeds: narrow columns (nj < lanes): total=8 whole=0 packed=8 hoist=4 grid=0 packrest=0
seeds: f16 operands, f16 accumulator (advertised): mma seeds=5
seeds: bf16 operands, f32 accumulator (advertised): mma seeds=5
seeds: bf16 operands, bf16 accumulator (not advertised): mma seeds=0
seeds: staged layout advertised: mma seeds=8 swizzled=3 unstaged swizzled=0
seeds: staged layout not advertised: mma seeds=5 swizzled=0 unstaged swizzled=0
