Retrieving commandline, environment, or config file variable ocannl_log_level
Found 0, in the config file
structural-match producer virtual: true
structural-match producer inlined (no array reads survive): true
structural-match producer setter dropped: true
structural-match consumer setter kept: true
structural-match has no guard ops: true
unit-solve(plain) producer virtual: true
unit-solve(plain) producer inlined (no array reads survive): true
unit-solve(plain) producer setter dropped: true
unit-solve(plain) consumer setter kept: true
unit-solve(plain) emits a range guard (Where + 2 Cmplt): true
triangular producer virtual: true
triangular producer inlined (no array reads survive): true
triangular consumer setter kept: true
triangular emits a range guard (Where + 2 Cmplt): true
non-injective producer stays non-virtual: true
non-injective producer array read preserved: true
stage-a diagonal producer virtual: true
stage-a diagonal inlined (no array reads survive): true
