Retrieving commandline, environment, or config file variable ocannl_log_level
Found 0, in the config file
       #4 *._out
        0.00  0.00  0.00  0.00
#3 => Virt/15 │     #2 => Virt/15
<void>        │     <void>
[#1 =>_sparse]│#1 =>_sparse Local/13046
              │<void>
              │    #0 0...3 Virt/15
              │    <void>