#include <metal_stdlib>
using namespace metal;
kernel void out_fwd(
    device float *out [[buffer(0)]],
    uint3 gid [[threadgroup_position_in_grid]],
    uint3 lid [[thread_position_in_threadgroup]]) {

  /* Local declarations and initialization. */
  float sparse[12] = {0};

  /* Main logic. */
  /* out fwd */
  for (uint32_t i7 = 0; i7 <= 3; ++i7) {
    sparse[(i7) * 3 + 0] = (float)(i7);
  }
  for (uint32_t i10 = 0; i10 <= 3; ++i10) {
    out[i10] = (sparse[(i10) * 3 + 2] * sparse[(i10) * 3 + 2]);
  }
  /* end */
}